// Jest Snapshot v1, https://goo.gl/fbAQLP

exports[`Button renders props.msg when passed 1`] = `
<div class="o-button o-button--default o-button--normal">
  <div class="o-loading o-button__loading"><i class="o-loading__icon o-loading-circle">test-file-stub</i></div>
</div>
`;
