// Jest Snapshot v1, https://goo.gl/fbAQLP

exports[`Col gutter prop 1`] = `
<div class="o-row" style="margin-left: -12px; margin-right: -12px;">
  <div class="o-col o-col--24" style="padding-left: 12px; padding-right: 12px;">24</div>
  <div class="o-col o-col--12" style="padding-left: 12px; padding-right: 12px;">12</div>
  <div class="o-col o-col--12" style="padding-left: 12px; padding-right: 12px;">12</div>
  <div class="o-col o-col--8" style="padding-left: 12px; padding-right: 12px;">8</div>
  <div class="o-col o-col--8" style="padding-left: 12px; padding-right: 12px;">8</div>
  <div class="o-col o-col--8" style="padding-left: 12px; padding-right: 12px;">8</div>
  <div class="o-col o-col--6" style="padding-left: 12px; padding-right: 12px;">6</div>
  <div class="o-col o-col--6" style="padding-left: 12px; padding-right: 12px;">6</div>
  <div class="o-col o-col--6" style="padding-left: 12px; padding-right: 12px;">6</div>
  <div class="o-col o-col--6" style="padding-left: 12px; padding-right: 12px;">6</div>
  <div class="o-col o-col--7" style="padding-left: 12px; padding-right: 12px;">7</div>
  <div class="o-col o-col--6" style="padding-left: 12px; padding-right: 12px;">6</div>
  <div class="o-col o-col--5" style="padding-left: 12px; padding-right: 12px;">5</div>
  <div class="o-col o-col--4" style="padding-left: 12px; padding-right: 12px;">4</div>
  <div class="o-col o-col--3" style="padding-left: 12px; padding-right: 12px;">3</div>
  <div class="o-col o-col--2" style="padding-left: 12px; padding-right: 12px;">2</div>
</div>
`;
