// Jest Snapshot v1, https://goo.gl/fbAQLP

exports[`renders demo correctly 1`] = `
<div class="demo field">
  <div class="byted-header--wrapper">
    <div class="byted-header byted-header--default byted-header--fixed byted-hairline--bottom">
      <div class="byted-header__left"><i class="byted-header__icon" style="width: 1.2rem; height: 1.2rem;">test-file-stub</i></div>
      <div class="byted-header__title">
        <div></div>
      </div>
      <div class="byted-header__right"></div>
    </div>
  </div>
  <div style="margin: 0px -0.8rem;">
    <div class="byted-field byted-field--normal byted-field--input">
      <div class="byted-field__body"><input type="text" placeholder="请输入内容" class="byted-field__input byted-field__item"></div>
    </div>
  </div>
  <div style="margin: 0px -0.8rem;">
    <div class="byted-field byted-field--normal byted-field--input">
      <div class="byted-field__body"><input type="text" placeholder="请输入内容" class="byted-field__input byted-field__item"></div>
    </div>
    <div class="byted-field byted-field--normal byted-field--input">
      <div class="byted-field__body"><input type="text" placeholder="请输入内容" class="byted-field__input byted-field__item"></div>
    </div>
    <div class="byted-field byted-field--normal byted-field--input">
      <div class="byted-field__body"><input type="text" placeholder="请输入内容" class="byted-field__input byted-field__item"></div>
    </div>
    <div class="byted-field byted-field--normal byted-field--input">
      <div class="byted-field__body"><input type="text" placeholder="请输入内容" class="byted-field__input byted-field__item"></div>
    </div>
    <div class="byted-field byted-field--normal byted-field--input">
      <div class="byted-field__body"><input type="text" placeholder="请输入内容" class="byted-field__input byted-field__item"></div>
    </div>
  </div>
  <div style="margin: 0px -0.8rem;">
    <div class="byted-field byted-field--normal byted-field--disabled byted-field--input">
      <div class="byted-field__body"><input type="text" placeholder="请输入内容" disabled="disabled" class="byted-field__input byted-field__item"></div>
    </div>
    <div class="byted-field byted-field--normal byted-field--disabled byted-field--input">
      <div class="byted-field__body"><input type="text" placeholder="请输入内容" disabled="disabled" class="byted-field__input byted-field__item"></div>
    </div>
  </div>
  <div style="margin: 0px -0.8rem;">
    <div class="byted-field byted-field--normal byted-field--input">
      <div class="byted-field__body"><input type="text" placeholder="请输入内容" class="byted-field__input byted-field__item"></div>
    </div>
    <div class="byted-field byted-field--normal byted-field--input">
      <div class="byted-field__body"><input type="text" placeholder="请输入内容" class="byted-field__input byted-field__item"></div>
    </div>
  </div>
  <div style="margin: 0px -0.8rem;">
    <div class="byted-field byted-field--normal byted-field--input">
      <div class="byted-field__body"><input type="text" placeholder="请输入内容" class="byted-field__input byted-field__item"></div>
    </div>
  </div>
  <div style="margin: 0px -0.8rem;">
    <div class="byted-field byted-field--normal byted-field--maxlength byted-field--textarea byted-field--no-border">
      <div class="byted-field__body"><textarea placeholder="请输入内容" class="byted-field__input"></textarea>
        <div class="byted-field__word-limit">0/120</div>
      </div>
    </div>
  </div>
  <div style="margin: 0px -0.8rem;">
    <div class="byted-field byted-field--normal byted-field--textarea byted-field--no-border">
      <div class="byted-field__body"><textarea placeholder="请输入内容" class="byted-field__input"></textarea></div>
    </div>
  </div>
  <div>
    <div class="byted-field byted-field--normal byted-field--border byted-field--textarea">
      <div class="byted-field__body"><textarea placeholder="请输入内容" class="byted-field__input"></textarea></div>
    </div>
  </div>
  <div class="dome-size">
    <div class="dome-size-content"><span class="dome-size-content_title">尺寸</span>
      <div class="dome-size-content_slider">
        <div class="dome-slider">
          <div class="dome-slider-container">
            <div class="popover" style="display: none;"><span class="content">normal</span>
              <div class="popover-arrow"></div>
            </div>
            <div class="dome-slider-button" style="left: 0px;"></div>
            <div class="dome-slider-active" style="width: 0px;"></div>
            <div class="slider-stop slider-stop-active" style="left: 0px;"></div>
            <div class="slider-stop" style="left: 100%;"></div>
          </div>
        </div>
      </div>
    </div>
    <div class="dome-size-icon"><img src="test-file-stub" alt="" class="svg-icon-close" style="display: none;"> <img src="test-file-stub" alt="" class="svg-icon-transfer"></div>
  </div>
</div>
`;
