// Jest Snapshot v1, https://goo.gl/fbAQLP

exports[`renders demo correctly 1`] = `
<div class="demo checker">
  <div class="o-header--wrapper">
    <div class="o-header o-header--default o-header--fixed o-hairline--bottom">
      <div class="o-header__left"><i class="o-header__icon" style="width: 1.2rem; height: 1.2rem;">test-file-stub</i></div>
      <div class="o-header__title">
        <div></div>
      </div>
      <div class="o-header__right"></div>
    </div>
  </div>
  <div>
    <div class="o-checker">
      <div class="o-row" style="margin-left: -5px; margin-right: -5px;">
        <div class="o-col o-col--8" style="padding-left: 5px; padding-right: 5px;"><label class="o-checker-item o-checker-item--default o-checker-item--normal o-checker-item--active"><input type="radio" name="" value="0">
            <div class="o-checker-item__label">Option0</div>
          </label></div>
        <div class="o-col o-col--8" style="padding-left: 5px; padding-right: 5px;"><label class="o-checker-item o-checker-item--default o-checker-item--normal"><input type="radio" name="" value="1">
            <div class="o-checker-item__label">Option1</div>
          </label></div>
        <div class="o-col o-col--8" style="padding-left: 5px; padding-right: 5px;"><label class="o-checker-item o-checker-item--default o-checker-item--normal"><input type="radio" name="" value="Option2">Option3</label></div>
      </div>
    </div>
  </div>
  <div>
    <div class="o-checker">
      <div class="o-row" style="margin-left: -5px; margin-right: -5px;">
        <div class="o-col o-col--8" style="padding-left: 5px; padding-right: 5px;"><label class="o-checker-item o-checker-item--default o-checker-item--normal o-checker-item--active"><input type="checkbox" name="" value="0">
            <div class="o-checker-item__label">Option0</div><i class="o-checker-item__icon" style="width: .8rem; height: .8rem;">test-file-stub</i>
          </label></div>
        <div class="o-col o-col--8" style="padding-left: 5px; padding-right: 5px;"><label class="o-checker-item o-checker-item--default o-checker-item--normal"><input type="checkbox" name="" value="1">
            <div class="o-checker-item__label">Option1</div>
          </label></div>
        <div class="o-col o-col--8" style="padding-left: 5px; padding-right: 5px;"><label class="o-checker-item o-checker-item--default o-checker-item--normal o-checker-item--active"><input type="checkbox" name="" value="2">
            <div class="o-checker-item__label">Option2</div><i class="o-checker-item__icon" style="width: .8rem; height: .8rem;">test-file-stub</i>
          </label></div>
      </div>
    </div>
  </div>
  <div>
    <div class="o-checker">
      <div class="o-row" style="margin-left: -5px; margin-right: -5px;">
        <div class="o-col o-col--8" style="padding-left: 5px; padding-right: 5px;"><label class="o-checker-item o-checker-item--default o-checker-item--normal o-checker-item--active"><input type="radio" name="" value="0">
            <div class="o-checker-item__label">Option0</div>
          </label></div>
        <div class="o-col o-col--8" style="padding-left: 5px; padding-right: 5px;"><label class="o-checker-item o-checker-item--default o-checker-item--normal"><input type="radio" name="" value="1">
            <div class="o-checker-item__label">Option1</div>
          </label></div>
        <div class="o-col o-col--8" style="padding-left: 5px; padding-right: 5px;"><label class="o-checker-item o-checker-item--default o-checker-item--normal"><input type="radio" name="" value="2">
            <div class="o-checker-item__label">Option2</div>
          </label></div>
      </div>
    </div>
  </div>
  <div>
    <div class="o-checker">
      <div class="o-row" style="margin-left: -5px; margin-right: -5px;">
        <div class="o-col o-col--8" style="padding-left: 5px; padding-right: 5px;"><label class="o-checker-item o-checker-item--default o-checker-item--normal o-checker-item--round o-checker-item--active"><input type="checkbox" name="" value="0">
            <div class="o-checker-item__label">Option0</div>
          </label></div>
        <div class="o-col o-col--8" style="padding-left: 5px; padding-right: 5px;"><label class="o-checker-item o-checker-item--default o-checker-item--normal o-checker-item--round"><input type="checkbox" name="" value="1">
            <div class="o-checker-item__label">Option1</div>
          </label></div>
        <div class="o-col o-col--8" style="padding-left: 5px; padding-right: 5px;"><label class="o-checker-item o-checker-item--default o-checker-item--normal o-checker-item--round o-checker-item--active"><input type="checkbox" name="" value="2">
            <div class="o-checker-item__label">Option2</div>
          </label></div>
      </div>
    </div>
  </div>
  <div>
    <div class="o-checker">
      <div class="o-row" style="margin-left: -5px; margin-right: -5px;">
        <div class="o-col o-col--8" style="padding-left: 5px; padding-right: 5px;"><label class="o-checker-item o-checker-item--default o-checker-item--normal o-checker-item--round o-checker-item--active"><input type="radio" name="" value="0">
            <div class="o-checker-item__label">large</div>
            <div class="o-checker-item__badge o-badge"><sup class="o-badge__info">ok</sup></div>
          </label></div>
        <div class="o-col o-col--8" style="padding-left: 5px; padding-right: 5px;"><label class="o-checker-item o-checker-item--default o-checker-item--normal o-checker-item--round"><input type="radio" name="" value="1">
            <div class="o-checker-item__label">small</div>
          </label></div>
        <div class="o-col o-col--8" style="padding-left: 5px; padding-right: 5px;"><label class="o-checker-item o-checker-item--default o-checker-item--normal o-checker-item--round"><input type="radio" name="" value="2">
            <div class="o-checker-item__label">mini</div>
            <div class="o-checker-item__badge o-badge"><sup class="o-badge__info">3</sup></div>
          </label></div>
      </div>
    </div>
  </div>
  <div>
    <div class="o-checker">
      <div class="o-row" style="margin-left: -5px; margin-right: -5px;">
        <div class="o-col o-col--8" style="padding-left: 5px; padding-right: 5px;"><label class="o-checker-item o-checker-item--primary o-checker-item--normal o-checker-item--active o-checker-item--disabled o-checker-item--o-hairline--surround"><input type="radio" name="" value="0">
            <div class="o-checker-item__label">Option0</div>
          </label></div>
        <div class="o-col o-col--8" style="padding-left: 5px; padding-right: 5px;"><label class="o-checker-item o-checker-item--primary o-checker-item--normal o-checker-item--disabled o-checker-item--o-hairline--surround"><input type="radio" name="" value="1">
            <div class="o-checker-item__label">Option1</div>
          </label></div>
        <div class="o-col o-col--8" style="padding-left: 5px; padding-right: 5px;"><label class="o-checker-item o-checker-item--primary o-checker-item--normal  o-checker-item--o-hairline--surround"><input type="radio" name="" value="2">
            <div class="o-checker-item__label">Option2</div>
          </label></div>
      </div>
    </div>
  </div>
  <div class="dome-size">
    <div class="dome-size-content"><span class="dome-size-content_title">尺寸</span>
      <div class="dome-size-content_slider">
        <div class="dome-slider">
          <div class="dome-slider-container">
            <div class="popover" style="display: none;"><span class="content">normal</span>
              <div class="popover-arrow"></div>
            </div>
            <div class="dome-slider-button" style="left: 100%;"></div>
            <div class="dome-slider-active" style="width: 100%;"></div>
            <div class="slider-stop slider-stop-active" style="left: 0px;"></div>
            <div class="slider-stop slider-stop-active" style="left: 100%;"></div>
          </div>
        </div>
      </div>
    </div>
    <div class="dome-size-icon"><img src="test-file-stub" alt="" class="svg-icon-close" style="display: none;"> <img src="test-file-stub" alt="" class="svg-icon-transfer"></div>
  </div>
</div>
`;
