// Jest Snapshot v1, https://goo.gl/fbAQLP

exports[`renders demo correctly 1`] = `
<div class="demo steps">
  <div class="byted-header--wrapper">
    <div class="byted-header byted-header--default byted-header--fixed byted-hairline--bottom">
      <div class="byted-header__left"><i class="byted-header__icon" style="width: 1.2rem; height: 1.2rem;">test-file-stub</i></div>
      <div class="byted-header__title">
        <div></div>
      </div>
      <div class="byted-header__right"></div>
    </div>
  </div>
  <div>
    <div class="byted-cell">
      <div class="byted-cell__value byted-cell__value--alone">
        <div class="byted-steps byted-steps--horizontal byted-steps--label-horizontal">
          <div class="byted-step byted-step--horizontal byted-step--md byted-step--finished">
            <div class="byted-step__head"><i class="byted-icon byted-icon--check-one byted-step__icon">test-file-stub</i><span class="byted-step__title">已完成</span></div>
            <div class="byted-step__split-panel"></div>
          </div>
          <div class="byted-step byted-step--horizontal byted-step--md byted-step--inProgress byted-step--active">
            <div class="byted-step__head"><span class="byted-step__icon-number">2</span><span class="byted-step__title">进行中</span></div>
            <div class="byted-step__split-panel"></div>
          </div>
          <div class="byted-step byted-step--horizontal byted-step--md byted-step--waiting">
            <div class="byted-step__head"><span class="byted-step__icon-number">3</span><span class="byted-step__title">待完成</span></div>
            <div class="byted-step__split-panel"></div>
          </div>
          <div class="byted-step byted-step--horizontal byted-step--md byted-step--error">
            <div class="byted-step__head"><span class="byted-step__icon-number">4</span><span class="byted-step__title">未完成</span></div>
          </div>
        </div>
      </div>
    </div>
  </div>
  <div>
    <div class="byted-cell">
      <div class="byted-cell__value byted-cell__value--alone">
        <div class="byted-steps byted-steps--horizontal byted-steps--label-vertical">
          <div class="byted-step byted-step--horizontal byted-step--md byted-step--finished">
            <div class="byted-step__head"><i class="byted-icon byted-icon--check-one byted-step__icon">test-file-stub</i>
              <div class="byted-step__split-panel"></div>
            </div><span class="byted-step__title">已完成</span>
          </div>
          <div class="byted-step byted-step--horizontal byted-step--md byted-step--inProgress byted-step--active">
            <div class="byted-step__head"><span class="byted-step__icon-number">2</span>
              <div class="byted-step__split-panel"></div>
            </div><span class="byted-step__title">进行中</span>
          </div>
          <div class="byted-step byted-step--horizontal byted-step--md byted-step--waiting">
            <div class="byted-step__head"><span class="byted-step__icon-number">3</span>
              <div class="byted-step__split-panel"></div>
            </div><span class="byted-step__title">待完成</span>
          </div>
          <div class="byted-step byted-step--horizontal byted-step--md byted-step--error">
            <div class="byted-step__head"><span class="byted-step__icon-number">4</span></div><span class="byted-step__title">未完成</span>
          </div>
        </div>
      </div>
    </div>
  </div>
  <div>
    <div class="byted-cell">
      <div class="byted-cell__value byted-cell__value--alone">
        <div class="steps-vertical-layout">
          <div class="byted-steps byted-steps--vertical byted-steps--label-horizontal" style="height: 300px; margin-right: 100px;">
            <div class="byted-step byted-step--vertical byted-step--md byted-step--finished">
              <div class="byted-step__head"><i class="byted-icon byted-icon--check-one byted-step__icon">test-file-stub</i><span class="byted-step__title">已完成</span></div>
              <div class="byted-step__split-panel"></div>
            </div>
            <div class="byted-step byted-step--vertical byted-step--md byted-step--inProgress byted-step--active">
              <div class="byted-step__head"><span class="byted-step__icon-number">2</span><span class="byted-step__title">进行中</span></div>
              <div class="byted-step__split-panel"></div>
            </div>
            <div class="byted-step byted-step--vertical byted-step--md byted-step--waiting">
              <div class="byted-step__head"><span class="byted-step__icon-number">3</span><span class="byted-step__title">待完成</span></div>
              <div class="byted-step__split-panel"></div>
            </div>
            <div class="byted-step byted-step--vertical byted-step--md byted-step--error">
              <div class="byted-step__head"><span class="byted-step__icon-number">4</span><span class="byted-step__title">未完成</span></div>
            </div>
          </div>
        </div>
      </div>
    </div>
  </div>
</div>
`;
