// Jest Snapshot v1, https://goo.gl/fbAQLP

exports[`Tag custom style 1`] = `<span class="o-tag o-tag--primary o-tag--large o-tag--plain o-tag--round o-hairline--surround" style="color: red;">标签</span>`;
